// Jest Snapshot v1, https://goo.gl/fbAQLP

exports[`renders correctly 1`] = `
<div
  className="items most-popular-languages"
>
  <h2>
    Most Popular Languages All-Time
  </h2>
</div>
`;
