// Jest Snapshot v1, https://goo.gl/fbAQLP

exports[`renders correctly 1`] = `
<div
  className="items most-productive-weeks"
>
  <h2>
    Most Productive Weeks
  </h2>
</div>
`;
