// Jest Snapshot v1, https://goo.gl/fbAQLP

exports[`renders correctly 1`] = `
<div
  className="items top-language"
>
  <p>
    Most Popular Programming Language
  </p>
  <h2>
    
  </h2>
  <p>
    Top language in 
    0
     repositories.
  </p>
</div>
`;
