// Jest Snapshot v1, https://goo.gl/fbAQLP

exports[`renders correctly 1`] = `
<div
  className="items total-commits"
>
  <h2>
    Most Total Commits
  </h2>
</div>
`;
