// Jest Snapshot v1, https://goo.gl/fbAQLP

exports[`renders correctly 1`] = `
<div
  className="items trending-languages"
>
  <h2>
    Trending Languages
  </h2>
</div>
`;
