// Jest Snapshot v1, https://goo.gl/fbAQLP

exports[`renders correctly 1`] = `
<div
  className="items user-info"
>
  <figure>
    <img
      alt=""
    />
  </figure>
  <h3 />
  <p />
  <a
    href="https:\\\\\\\\undefined"
  >
    Personal Website
  </a>
</div>
`;
