// Jest Snapshot v1, https://goo.gl/fbAQLP

exports[`renders correctly 1`] = `
<div
  className="dashboard-header"
>
  <p>
    GraphQL React Prototype
  </p>
  <p>
    /
  </p>
  <p>
    GitHub
  </p>
  <p>
    /
  </p>
  <p>
    AJarombek
  </p>
</div>
`;
